// Jest Snapshot v1, https://goo.gl/fbAQLP

exports[`gets text for license definition ignore filtered package 1`] = `
[
  {
    "author": "Microsoft Corp.",
    "description": "Runtime library for TypeScript helper functions",
    "license": "0BSD",
    "licenseText": "Copyright (c) Microsoft Corporation.

Permission to use, copy, modify, and/or distribute this software for any
purpose with or without fee is hereby granted.

THE SOFTWARE IS PROVIDED "AS IS" AND THE AUTHOR DISCLAIMS ALL WARRANTIES WITH
REGARD TO THIS SOFTWARE INCLUDING ALL IMPLIED WARRANTIES OF MERCHANTABILITY
AND FITNESS. IN NO EVENT SHALL THE AUTHOR BE LIABLE FOR ANY SPECIAL, DIRECT,
INDIRECT, OR CONSEQUENTIAL DAMAGES OR ANY DAMAGES WHATSOEVER RESULTING FROM
LOSS OF USE, DATA OR PROFITS, WHETHER IN AN ACTION OF CONTRACT, NEGLIGENCE OR
OTHER TORTIOUS ACTION, ARISING OUT OF OR IN CONNECTION WITH THE USE OR
PERFORMANCE OF THIS SOFTWARE.",
    "name": "tslib",
    "repository": "https://github.com/Microsoft/tslib",
    "version": "2.5.0",
  },
]
`;

exports[`gets text for license definition ignore filtered package 2`] = `
[
  "tslib@2.5.0/package.json",
  "tslib@2.5.0/LICENSE.txt",
  "tslib@2.5.0/tslib.js",
]
`;
